<!DOCTYPE html>
<html>
    <head>
        <meta charset="utf-8" />
        <meta http-equiv="X-UA-Compatible" content="IE=edge" />
        <title>blog</title>
        <meta name="viewport" content="width=device-width, initial-scale=1" />
    </head>
    <body>
        
<!DOCTYPE html>
<html lang="en">
    <head>
        <title>My amazing blog!</title>
        <meta charset="UTF-8" />
        <meta
            name="description"
            content="Wow, like and subscribe, it really helps the channel guys"
            lang="en"
        />
    </head>
    <body>
        <nav role="navigation">
            <div>
                <h1>Budding Gopher's blog</h1>
                <ul>
                    <li><a href="/">home</a></li>
                    <li><a href="about">about</a></li>
                    <li><a href="archive">archive</a></li>
                </ul>
            </div>
        </nav>

        
        <h1>hello world</h1>

        <p>This is a description</p>

        Tags:
        <ul>
            
            <li>go</li>
            
            <li>tdd</li>
            
        </ul>
        <h1 id="first-recipe">First recipe!</h1>

<p>Welcome to my <strong>amazing blog</strong>. I am going to write about my family recipes, and make sure I write a long, irrelevant and boring story about my family before you get to the actual instructions.</p>

        
<footer>
    <ul>
        <li><a href="https://twitter.com/quii">Twitter</a></li>
        <li><a href="https://github.com/quii">GitHub</a></li>
    </ul>
</footer>

    </body>
</html>
